g++ : In file included from structs.hpp:10,
At line:1 char:1
+ g++ lex.yy.c go.tab.cpp 2> errors.txt
+ ~~~~~~~~~~~~~~~~~~~~~~~~~~~~~~~~~~~~~
    + CategoryInfo          : NotSpecified: (In file included from structs.hpp:10,:String) [], RemoteException
    + FullyQualifiedErrorId : NativeCommandError
 
                 from go.ypp:10,
                 from go.lex:8:
ReturnValue.hPP:1:8: error: redefinition of ÔÇÿstruct ReturnValueÔÇÖ
    1 | struct ReturnValue{
      |        ^~~~~~~~~~~
In file included from symboltable.hpp:4,
                 from structs.hpp:2,
                 from go.ypp:10,
                 from go.lex:8:
ReturnValue.hpp:1:8: note: previous definition of ÔÇÿstruct ReturnValueÔÇÖ
    1 | struct ReturnValue{
      |        ^~~~~~~~~~~
In file included from go.ypp:10,
                 from go.lex:8:
structs.hpp: In member function ÔÇÿvirtual ReturnValue Exp_::interp()ÔÇÖ:
structs.hpp:22:35: error: return-statement with no value, in function returning ÔÇÿReturnValueÔÇÖ [-fpermissive]
   22 |     virtual ReturnValue interp(){ return; };
      |                                   ^~~~~~
structs.hpp: At global scope:
structs.hpp:70:5: error: ÔÇÿParam_declarationÔÇÖ does not name a type
   70 |     Param_declaration head;
      |     ^~~~~~~~~~~~~~~~~
structs.hpp:73:32: error: expected ÔÇÿ)ÔÇÖ before ÔÇÿhÔÇÖ
   73 |     ParamList(Param_declaration h, ParamList* n);
      |              ~                 ^~
      |                                )
In file included from symboltable.hpp:4,
                 from go.ypp:11,
                 from go.lex:8:
ReturnValue.hpp:1:8: error: redefinition of ÔÇÿstruct ReturnValueÔÇÖ
    1 | struct ReturnValue{
      |        ^~~~~~~~~~~
In file included from symboltable.hpp:4,
                 from structs.hpp:2,
                 from go.ypp:10,
                 from go.lex:8:
ReturnValue.hpp:1:8: note: previous definition of ÔÇÿstruct ReturnValueÔÇÖ
    1 | struct ReturnValue{
      |        ^~~~~~~~~~~
In file included from go.ypp:11,
                 from go.lex:8:
symboltable.hpp:6:8: error: redefinition of ÔÇÿstruct SymbolÔÇÖ
    6 | struct Symbol {
      |        ^~~~~~
In file included from structs.hpp:2,
                 from go.ypp:10,
                 from go.lex:8:
symboltable.hpp:6:8: note: previous definition of ÔÇÿstruct SymbolÔÇÖ
    6 | struct Symbol {
      |        ^~~~~~
In file included from go.ypp:11,
                 from go.lex:8:
symboltable.hpp:15:8: error: redefinition of ÔÇÿstruct SymbolTableÔÇÖ
   15 | struct SymbolTable {
      |        ^~~~~~~~~~~
In file included from structs.hpp:2,
                 from go.ypp:10,
                 from go.lex:8:
symboltable.hpp:15:8: note: previous definition of ÔÇÿstruct SymbolTableÔÇÖ
   15 | struct SymbolTable {
      |        ^~~~~~~~~~~
In file included from go.ypp:11,
                 from go.lex:8:
symboltable.hpp:21:8: error: redefinition of ÔÇÿstruct SymbolHandlerÔÇÖ
   21 | struct SymbolHandler{
      |        ^~~~~~~~~~~~~
In file included from structs.hpp:2,
                 from go.ypp:10,
                 from go.lex:8:
symboltable.hpp:21:8: note: previous definition of ÔÇÿstruct SymbolHandlerÔÇÖ
   21 | struct SymbolHandler{
      |        ^~~~~~~~~~~~~
In file included from go.ypp:15,
                 from go.lex:8:
ReturnValue.hpp:1:8: error: redefinition of ÔÇÿstruct ReturnValueÔÇÖ
    1 | struct ReturnValue{
      |        ^~~~~~~~~~~
In file included from symboltable.hpp:4,
                 from structs.hpp:2,
                 from go.ypp:10,
                 from go.lex:8:
ReturnValue.hpp:1:8: note: previous definition of ÔÇÿstruct ReturnValueÔÇÖ
    1 | struct ReturnValue{
      |        ^~~~~~~~~~~
In file included from go.ypp:14,
                 from go.lex:8:
tokens.h:2:20: error: expected identifier before numeric constant
    2 | #define IDENTIFIER 251
      |                    ^~~
go.tab.hpp:60:6: note: in expansion of macro ÔÇÿIDENTIFIERÔÇÖ
   60 |      IDENTIFIER = 258,
      |      ^~~~~~~~~~
tokens.h:2:20: error: expected ÔÇÿ}ÔÇÖ before numeric constant
    2 | #define IDENTIFIER 251
      |                    ^~~
go.tab.hpp:60:6: note: in expansion of macro ÔÇÿIDENTIFIERÔÇÖ
   60 |      IDENTIFIER = 258,
      |      ^~~~~~~~~~
In file included from go.lex:8:
go.tab.hpp:59:21: note: to match this ÔÇÿ{ÔÇÖ
   59 |    enum yytokentype {
      |                     ^
In file included from go.ypp:14,
                 from go.lex:8:
tokens.h:2:20: error: expected unqualified-id before numeric constant
    2 | #define IDENTIFIER 251
      |                    ^~~
go.tab.hpp:60:6: note: in expansion of macro ÔÇÿIDENTIFIERÔÇÖ
   60 |      IDENTIFIER = 258,
      |      ^~~~~~~~~~
In file included from go.lex:8:
go.tab.hpp:96:4: error: expected declaration before ÔÇÿ}ÔÇÖ token
   96 |    };
      |    ^
lex.yy.c: In function ÔÇÿint yylex()ÔÇÖ:
lex.yy.c:584:32: warning: ISO C++17 does not allow ÔÇÿregisterÔÇÖ storage class specifier [-Wregister]
  584 |         register yy_state_type yy_current_state;
      |                                ^~~~~~~~~~~~~~~~
lex.yy.c:585:24: warning: ISO C++17 does not allow ÔÇÿregisterÔÇÖ storage class specifier [-Wregister]
  585 |         register char *yy_cp, *yy_bp;
      |                        ^~~~~
lex.yy.c:585:32: warning: ISO C++17 does not allow ÔÇÿregisterÔÇÖ storage class specifier [-Wregister]
  585 |         register char *yy_cp, *yy_bp;
      |                                ^~~~~
lex.yy.c:586:22: warning: ISO C++17 does not allow ÔÇÿregisterÔÇÖ storage class specifier [-Wregister]
  586 |         register int yy_act;
      |                      ^~~~~~
lex.yy.c:632:42: warning: ISO C++17 does not allow ÔÇÿregisterÔÇÖ storage class specifier [-Wregister]
  632 |                         register YY_CHAR yy_c = yy_ec[YY_SC_TO_UI(*yy_cp)];
      |                                          ^~~~
go.lex:72:18: error: ÔÇÿLEFTBRACKETÔÇÖ was not declared in this scope
   72 | {leftbracket}             {lastTokenType = LEFTBRACKET; return LBRACE;}
      |                  ^~~~~~~~~~~
go.lex:73:18: error: ÔÇÿRIGHTBRACKETÔÇÖ was not declared in this scope
   73 | {rightbracket}            {lastTokenType = RIGHTBRACKET; return RBRACE;}
      |                  ^~~~~~~~~~~~
go.lex:95:27: error: ÔÇÿyyvalÔÇÖ was not declared in this scope; did you mean ÔÇÿyylvalÔÇÖ?
   95 |                           yyval.intlit = std::stoi(yytext)
      |                           ^~~~~
      |                           yylval
go.lex:101:29: error: ÔÇÿyyvalÔÇÖ was not declared in this scope; did you mean ÔÇÿyylvalÔÇÖ?
  101 |                             yyval.boollit = true;
      |                             ^~~~~
      |                             yylval
go.lex:104:29: error: ÔÇÿyyvalÔÇÖ was not declared in this scope; did you mean ÔÇÿyylvalÔÇÖ?
  104 |                             yyval.boollit = false;
      |                             ^~~~~
      |                             yylval
go.lex:110:29: error: ÔÇÿyyvalÔÇÖ was not declared in this scope; did you mean ÔÇÿyylvalÔÇÖ?
  110 |                             yyval.id = yytext;
      |                             ^~~~~
      |                             yylval
go.lex:113:54: error: ÔÇÿCONSTANTÔÇÖ was not declared in this scope
  113 | {newline}                 {if (lastTokenType == IDENTIFIER || lastTokenType == CONSTANT || lastTokenType == CLOSING_BRACKET)
      |                                                      ^~~~~~~~
go.lex:113:83: error: ÔÇÿCLOSING_BRACKETÔÇÖ was not declared in this scope
  113 | {newline}                 {if (lastTokenType == IDENTIFIER || lastTokenType == CONSTANT || lastTokenType == CLOSING_BRACKET)
      |                                                                                   ^~~~~~~~~~~~~~~
lex.yy.c: In function ÔÇÿint yy_get_next_buffer()ÔÇÖ:
lex.yy.c:1059:24: warning: ISO C++17 does not allow ÔÇÿregisterÔÇÖ storage class specifier [-Wregister]
 1059 |         register char *dest = yy_current_buffer->yy_ch_buf;
      |                        ^~~~
lex.yy.c:1060:24: warning: ISO C++17 does not allow ÔÇÿregisterÔÇÖ storage class specifier [-Wregister]
 1060 |         register char *source = yytext_ptr;
      |                        ^~~~~~
lex.yy.c:1061:22: warning: ISO C++17 does not allow ÔÇÿregisterÔÇÖ storage class specifier [-Wregister]
 1061 |         register int number_to_move, i;
      |                      ^~~~~~~~~~~~~~
lex.yy.c:1061:38: warning: ISO C++17 does not allow ÔÇÿregisterÔÇÖ storage class specifier [-Wregister]
 1061 |         register int number_to_move, i;
      |                                      ^
lex.yy.c: In function ÔÇÿyy_state_type yy_get_previous_state()ÔÇÖ:
lex.yy.c:1191:32: warning: ISO C++17 does not allow ÔÇÿregisterÔÇÖ storage class specifier [-Wregister]
 1191 |         register yy_state_type yy_current_state;
      |                                ^~~~~~~~~~~~~~~~
lex.yy.c:1192:24: warning: ISO C++17 does not allow ÔÇÿregisterÔÇÖ storage class specifier [-Wregister]
 1192 |         register char *yy_cp;
      |                        ^~~~~
lex.yy.c:1198:34: warning: ISO C++17 does not allow ÔÇÿregisterÔÇÖ storage class specifier [-Wregister]
 1198 |                 register YY_CHAR yy_c = (*yy_cp ? yy_ec[YY_SC_TO_UI(*yy_cp)] : 1);
      |                                  ^~~~
lex.yy.c: In function ÔÇÿyy_state_type yy_try_NUL_trans(yy_state_type)ÔÇÖ:
lex.yy.c:1230:22: warning: ISO C++17 does not allow ÔÇÿregisterÔÇÖ storage class specifier [-Wregister]
 1230 |         register int yy_is_jam;
      |                      ^~~~~~~~~
lex.yy.c:1231:24: warning: ISO C++17 does not allow ÔÇÿregisterÔÇÖ storage class specifier [-Wregister]
 1231 |         register char *yy_cp = yy_c_buf_p;
      |                        ^~~~~
lex.yy.c:1233:26: warning: ISO C++17 does not allow ÔÇÿregisterÔÇÖ storage class specifier [-Wregister]
 1233 |         register YY_CHAR yy_c = 1;
      |                          ^~~~
lex.yy.c: At global scope:
lex.yy.c:1254:44: warning: ISO C++17 does not allow ÔÇÿregisterÔÇÖ storage class specifier [-Wregister]
 1254 | static void yyunput( int c, register char *yy_bp )
      |                                            ^~~~~
lex.yy.c: In function ÔÇÿvoid yyunput(int, char*)ÔÇÖ:
lex.yy.c:1261:24: warning: ISO C++17 does not allow ÔÇÿregisterÔÇÖ storage class specifier [-Wregister]
 1261 |         register char *yy_cp = yy_c_buf_p;
      |                        ^~~~~
lex.yy.c:1269:30: warning: ISO C++17 does not allow ÔÇÿregisterÔÇÖ storage class specifier [-Wregister]
 1269 |                 register int number_to_move = yy_n_chars + 2;
      |                              ^~~~~~~~~~~~~~
lex.yy.c:1270:32: warning: ISO C++17 does not allow ÔÇÿregisterÔÇÖ storage class specifier [-Wregister]
 1270 |                 register char *dest = &yy_current_buffer->yy_ch_buf[
      |                                ^~~~
lex.yy.c:1272:32: warning: ISO C++17 does not allow ÔÇÿregisterÔÇÖ storage class specifier [-Wregister]
 1272 |                 register char *source =
      |                                ^~~~~~
go.ypp:3:1: error: ÔÇÿStmÔÇÖ does not name a type
    3 | Stm thesyntree;
      | ^~~
In file included from structs.hpp:10,
                 from go.ypp:10:
ReturnValue.hPP:1:8: error: redefinition of ÔÇÿstruct ReturnValueÔÇÖ
    1 | struct ReturnValue{
      |        ^~~~~~~~~~~
In file included from symboltable.hpp:4,
                 from structs.hpp:2,
                 from go.ypp:10:
ReturnValue.hpp:1:8: note: previous definition of ÔÇÿstruct ReturnValueÔÇÖ
    1 | struct ReturnValue{
      |        ^~~~~~~~~~~
In file included from go.ypp:10:
structs.hpp: In member function ÔÇÿvirtual ReturnValue Exp_::interp()ÔÇÖ:
structs.hpp:22:35: error: return-statement with no value, in function returning ÔÇÿReturnValueÔÇÖ [-fpermissive]
   22 |     virtual ReturnValue interp(){ return; };
      |                                   ^~~~~~
structs.hpp: At global scope:
structs.hpp:70:5: error: ÔÇÿParam_declarationÔÇÖ does not name a type
   70 |     Param_declaration head;
      |     ^~~~~~~~~~~~~~~~~
structs.hpp:73:32: error: expected ÔÇÿ)ÔÇÖ before ÔÇÿhÔÇÖ
   73 |     ParamList(Param_declaration h, ParamList* n);
      |              ~                 ^~
      |                                )
In file included from symboltable.hpp:4,
                 from go.ypp:11:
ReturnValue.hpp:1:8: error: redefinition of ÔÇÿstruct ReturnValueÔÇÖ
    1 | struct ReturnValue{
      |        ^~~~~~~~~~~
In file included from symboltable.hpp:4,
                 from structs.hpp:2,
                 from go.ypp:10:
ReturnValue.hpp:1:8: note: previous definition of ÔÇÿstruct ReturnValueÔÇÖ
    1 | struct ReturnValue{
      |        ^~~~~~~~~~~
In file included from go.ypp:11:
symboltable.hpp:6:8: error: redefinition of ÔÇÿstruct SymbolÔÇÖ
    6 | struct Symbol {
      |        ^~~~~~
In file included from structs.hpp:2,
                 from go.ypp:10:
symboltable.hpp:6:8: note: previous definition of ÔÇÿstruct SymbolÔÇÖ
    6 | struct Symbol {
      |        ^~~~~~
In file included from go.ypp:11:
symboltable.hpp:15:8: error: redefinition of ÔÇÿstruct SymbolTableÔÇÖ
   15 | struct SymbolTable {
      |        ^~~~~~~~~~~
In file included from structs.hpp:2,
                 from go.ypp:10:
symboltable.hpp:15:8: note: previous definition of ÔÇÿstruct SymbolTableÔÇÖ
   15 | struct SymbolTable {
      |        ^~~~~~~~~~~
In file included from go.ypp:11:
symboltable.hpp:21:8: error: redefinition of ÔÇÿstruct SymbolHandlerÔÇÖ
   21 | struct SymbolHandler{
      |        ^~~~~~~~~~~~~
In file included from structs.hpp:2,
                 from go.ypp:10:
symboltable.hpp:21:8: note: previous definition of ÔÇÿstruct SymbolHandlerÔÇÖ
   21 | struct SymbolHandler{
      |        ^~~~~~~~~~~~~
In file included from go.ypp:15:
ReturnValue.hpp:1:8: error: redefinition of ÔÇÿstruct ReturnValueÔÇÖ
    1 | struct ReturnValue{
      |        ^~~~~~~~~~~
In file included from symboltable.hpp:4,
                 from structs.hpp:2,
                 from go.ypp:10:
ReturnValue.hpp:1:8: note: previous definition of ÔÇÿstruct ReturnValueÔÇÖ
    1 | struct ReturnValue{
      |        ^~~~~~~~~~~
In file included from go.ypp:14:
tokens.h:2:20: error: expected identifier before numeric constant
    2 | #define IDENTIFIER 251
      |                    ^~~
go.tab.cpp:124:6: note: in expansion of macro ÔÇÿIDENTIFIERÔÇÖ
  124 |      IDENTIFIER = 258,
      |      ^~~~~~~~~~
tokens.h:2:20: error: expected ÔÇÿ}ÔÇÖ before numeric constant
    2 | #define IDENTIFIER 251
      |                    ^~~
go.tab.cpp:124:6: note: in expansion of macro ÔÇÿIDENTIFIERÔÇÖ
  124 |      IDENTIFIER = 258,
      |      ^~~~~~~~~~
go.tab.cpp:123:21: note: to match this ÔÇÿ{ÔÇÖ
  123 |    enum yytokentype {
      |                     ^
In file included from go.ypp:14:
tokens.h:2:20: error: expected unqualified-id before numeric constant
    2 | #define IDENTIFIER 251
      |                    ^~~
go.tab.cpp:124:6: note: in expansion of macro ÔÇÿIDENTIFIERÔÇÖ
  124 |      IDENTIFIER = 258,
      |      ^~~~~~~~~~
go.tab.cpp:160:4: error: expected declaration before ÔÇÿ}ÔÇÖ token
  160 |    };
      |    ^
go.tab.cpp:1237:9: error: use of deleted function ÔÇÿYYSTYPE::YYSTYPE()ÔÇÖ
 1237 | YYSTYPE yylval;
      |         ^~~~~~
go.tab.cpp:166:15: note: ÔÇÿYYSTYPE::YYSTYPE()ÔÇÖ is implicitly deleted because the default definition would be ill-formed:
  166 | typedef union YYSTYPE
      |               ^~~~~~~
go.ypp:20:15: error: union member ÔÇÿYYSTYPE::idÔÇÖ with non-trivial ÔÇÿstd::basic_string<_CharT, _Traits, _Alloc>::basic_string() [with _CharT =
 char; _Traits = std::char_traits<char>; _Alloc = std::allocator<char>]ÔÇÖ
   20 |   std::string id;
      |               ^~
go.ypp:27:11: error: union member ÔÇÿYYSTYPE::explistÔÇÖ with non-trivial ÔÇÿExpList::ExpList()ÔÇÖ
   27 |   ExpList explist;
      |           ^~~~~~~
go.ypp:28:10: error: union member ÔÇÿYYSTYPE::idlistÔÇÖ with non-trivial ÔÇÿIdList::IdList()ÔÇÖ
   28 |   IdList idlist;
      |          ^~~~~~
go.ypp:29:11: error: union member ÔÇÿYYSTYPE::stmlistÔÇÖ with non-trivial ÔÇÿStmList::StmList()ÔÇÖ
   29 |   StmList stmlist;
      |           ^~~~~~~
go.ypp:30:13: error: union member ÔÇÿYYSTYPE::paramlistÔÇÖ with non-trivial ÔÇÿParamList::ParamList()ÔÇÖ
   30 |   ParamList paramlist;
      |             ^~~~~~~~~
go.ypp:33:21: error: union member ÔÇÿYYSTYPE::param_declarationÔÇÖ with non-trivial ÔÇÿParam_declaration::Param_declaration()ÔÇÖ
   33 |   Param_declaration param_declaration;
      |                     ^~~~~~~~~~~~~~~~~
go.ypp:34:22: error: union member ÔÇÿYYSTYPE::func_signatureÔÇÖ with non-trivial ÔÇÿFunction_signature::Function_signature()ÔÇÖ
   34 |   Function_signature func_signature;
      |                      ^~~~~~~~~~~~~~
go.tab.cpp: In function ÔÇÿint yyparse()ÔÇÖ:
go.tab.cpp:1289:30: error: use of deleted function ÔÇÿYYSTYPE::YYSTYPE()ÔÇÖ
 1289 |     YYSTYPE yyvsa[YYINITDEPTH];
      |                              ^
go.tab.cpp:1289:30: error: use of deleted function ÔÇÿYYSTYPE::~YYSTYPE()ÔÇÖ
go.tab.cpp:166:15: note: ÔÇÿYYSTYPE::~YYSTYPE()ÔÇÖ is implicitly deleted because the default definition would be ill-formed:
  166 | typedef union YYSTYPE
      |               ^~~~~~~
go.ypp:20:15: error: union member ÔÇÿYYSTYPE::idÔÇÖ with non-trivial ÔÇÿstd::basic_string<_CharT, _Traits, _Alloc>::~basic_string() [with _CharT 
= char; _Traits = std::char_traits<char>; _Alloc = std::allocator<char>]ÔÇÖ
   20 |   std::string id;
      |               ^~
go.ypp:28:10: error: union member ÔÇÿYYSTYPE::idlistÔÇÖ with non-trivial ÔÇÿIdList::~IdList()ÔÇÖ
   28 |   IdList idlist;
      |          ^~~~~~
go.ypp:33:21: error: union member ÔÇÿYYSTYPE::param_declarationÔÇÖ with non-trivial ÔÇÿParam_declaration::~Param_declaration()ÔÇÖ
   33 |   Param_declaration param_declaration;
      |                     ^~~~~~~~~~~~~~~~~
go.tab.cpp:1289:30: error: use of deleted function ÔÇÿYYSTYPE::~YYSTYPE()ÔÇÖ
 1289 |     YYSTYPE yyvsa[YYINITDEPTH];
      |                              ^
go.tab.cpp:1301:11: error: use of deleted function ÔÇÿYYSTYPE::YYSTYPE()ÔÇÖ
 1301 |   YYSTYPE yyval;
      |           ^~~~~
go.tab.cpp:1301:11: error: use of deleted function ÔÇÿYYSTYPE::~YYSTYPE()ÔÇÖ
go.tab.cpp:790:16: error: ÔÇÿyylexÔÇÖ was not declared in this scope; did you mean ÔÇÿyylenÔÇÖ?
  790 | # define YYLEX yylex ()
      |                ^~~~~
go.tab.cpp:1435:16: note: in expansion of macro ÔÇÿYYLEXÔÇÖ
 1435 |       yychar = YYLEX;
      |                ^~~~~
go.tab.cpp:1475:14: error: use of deleted function ÔÇÿYYSTYPE& YYSTYPE::operator=(const YYSTYPE&)ÔÇÖ
 1475 |   *++yyvsp = yylval;
      |              ^~~~~~
go.tab.cpp:166:15: note: ÔÇÿYYSTYPE& YYSTYPE::operator=(const YYSTYPE&)ÔÇÖ is implicitly deleted because the default definition would be ill-form
ed:
  166 | typedef union YYSTYPE
      |               ^~~~~~~
go.ypp:20:15: error: union member ÔÇÿYYSTYPE::idÔÇÖ with non-trivial ÔÇÿstd::basic_string<_CharT, _Traits, _Alloc>& std::basic_string<_CharT, _Tr
aits, _Alloc>::operator=(const std::basic_string<_CharT, _Traits, _Alloc>&) [with _CharT = char; _Traits = std::char_traits<char>; _Alloc = std::
allocator<char>]ÔÇÖ
   20 |   std::string id;
      |               ^~
go.ypp:28:10: error: union member ÔÇÿYYSTYPE::idlistÔÇÖ with non-trivial ÔÇÿIdList& IdList::operator=(const IdList&)ÔÇÖ
   28 |   IdList idlist;
      |          ^~~~~~
go.ypp:33:21: error: union member ÔÇÿYYSTYPE::param_declarationÔÇÖ with non-trivial ÔÇÿParam_declaration& Param_declaration::operator=(const Para
m_declaration&)ÔÇÖ
   33 |   Param_declaration param_declaration;
      |                     ^~~~~~~~~~~~~~~~~
go.tab.cpp:1505:24: error: use of deleted function ÔÇÿYYSTYPE& YYSTYPE::operator=(const YYSTYPE&)ÔÇÖ
 1505 |   yyval = yyvsp[1-yylen];
      |                        ^
go.ypp:99:87: error: no match for ÔÇÿoperator=ÔÇÖ (operand types are ÔÇÿStmListÔÇÖ and ÔÇÿStmList*ÔÇÖ)
   99 | statementlist : statement statementlist {$$ = new StmList($1, &$2);}
      |                                                                                       ^
In file included from go.ypp:10:
structs.hpp:59:8: note: candidate: ÔÇÿconstexpr StmList& StmList::operator=(const StmList&)ÔÇÖ
   59 | struct StmList{
      |        ^~~~~~~
structs.hpp:59:8: note:   no known conversion for argument 1 from ÔÇÿStmList*ÔÇÖ to ÔÇÿconst StmList&ÔÇÖ
structs.hpp:59:8: note: candidate: ÔÇÿconstexpr StmList& StmList::operator=(StmList&&)ÔÇÖ
structs.hpp:59:8: note:   no known conversion for argument 1 from ÔÇÿStmList*ÔÇÖ to ÔÇÿStmList&&ÔÇÖ
go.ypp:100:67: error: no match for ÔÇÿoperator=ÔÇÖ (operand types are ÔÇÿStmListÔÇÖ and ÔÇÿStmList*ÔÇÖ)
  100 |               | statement {$$ = new StmList($1, nullptr);}
      |                                                                   ^
In file included from go.ypp:10:
structs.hpp:59:8: note: candidate: ÔÇÿconstexpr StmList& StmList::operator=(const StmList&)ÔÇÖ
   59 | struct StmList{
      |        ^~~~~~~
structs.hpp:59:8: note:   no known conversion for argument 1 from ÔÇÿStmList*ÔÇÖ to ÔÇÿconst StmList&ÔÇÖ
structs.hpp:59:8: note: candidate: ÔÇÿconstexpr StmList& StmList::operator=(StmList&&)ÔÇÖ
structs.hpp:59:8: note:   no known conversion for argument 1 from ÔÇÿStmList*ÔÇÖ to ÔÇÿStmList&&ÔÇÖ
go.ypp:103:83: error: no match for ÔÇÿoperator=ÔÇÖ (operand types are ÔÇÿIdListÔÇÖ and ÔÇÿIdList*ÔÇÖ)
  103 | identifierlist : IDENTIFIER identifierlist {$$ = new IdList($1, &$2);}
      |                                                                                   ^
In file included from go.ypp:10:
structs.hpp:49:8: note: candidate: ÔÇÿIdList& IdList::operator=(const IdList&)ÔÇÖ
   49 | struct IdList{
      |        ^~~~~~
structs.hpp:49:8: note:   no known conversion for argument 1 from ÔÇÿIdList*ÔÇÖ to ÔÇÿconst IdList&ÔÇÖ
structs.hpp:49:8: note: candidate: ÔÇÿIdList& IdList::operator=(IdList&&)ÔÇÖ
structs.hpp:49:8: note:   no known conversion for argument 1 from ÔÇÿIdList*ÔÇÖ to ÔÇÿIdList&&ÔÇÖ
go.ypp:104:64: error: no match for ÔÇÿoperator=ÔÇÖ (operand types are ÔÇÿIdListÔÇÖ and ÔÇÿIdList*ÔÇÖ)
  104 |                | IDENTIFIER {$$ = new IdList($1, nullptr);}
      |                                                                ^
In file included from go.ypp:10:
structs.hpp:49:8: note: candidate: ÔÇÿIdList& IdList::operator=(const IdList&)ÔÇÖ
   49 | struct IdList{
      |        ^~~~~~
structs.hpp:49:8: note:   no known conversion for argument 1 from ÔÇÿIdList*ÔÇÖ to ÔÇÿconst IdList&ÔÇÖ
structs.hpp:49:8: note: candidate: ÔÇÿIdList& IdList::operator=(IdList&&)ÔÇÖ
structs.hpp:49:8: note:   no known conversion for argument 1 from ÔÇÿIdList*ÔÇÖ to ÔÇÿIdList&&ÔÇÖ
go.ypp:107:92: error: ÔÇÿthesyntreeÔÇÖ was not declared in this scope
  107 | void_function_statement : IDENTIFIER LPAREN expressionlist RPAREN SEMICOLON {$$ = new VoidFunctionStm($3, $1); thesyntree = $$;}
      |                                                                                            ^~~~~~~~~~
go.ypp:110:63: error: ÔÇÿthesyntreeÔÇÖ was not declared in this scope
  110 | print_statement : PRINT LPAREN expressionlist RPAREN {$$ = new PrintStm(&$3); thesyntree = $$;}
      |                                                               ^~~~~~~~~~
go.ypp:113:92: error: ÔÇÿthesyntreeÔÇÖ was not declared in this scope
  113 | assignment_statement : identifierlist EQ expressionlist SEMICOLON {$$ = new AssignStm(&$1, &$3); thesyntree = $$;}
      |                                                                                            ^~~~~~~~~~
go.ypp:116:100: error: no matching function for call to ÔÇÿDeclarationStm::DeclarationStm(int&, IdList&, std::nullptr_t)ÔÇÖ
  116 | declaration_statement : VAR identifierlist INT SEMICOLON {$$ = new DeclarationStm($3, $2, nullptr); thesyntree = $$;}
      |                                                                                                    ^
In file included from go.ypp:10:
structs.hpp:130:5: note: candidate: ÔÇÿDeclarationStm::DeclarationStm()ÔÇÖ
  130 |     DeclarationStm();
      |     ^~~~~~~~~~~~~~
structs.hpp:130:5: note:   candidate expects 0 arguments, 3 provided
structs.hpp:128:5: note: candidate: ÔÇÿDeclarationStm::DeclarationStm(int, IdList*, ExpList*)ÔÇÖ
  128 |     DeclarationStm(int dcltype, IdList* idl, ExpList* expl);
      |     ^~~~~~~~~~~~~~
structs.hpp:128:41: note:   no known conversion for argument 2 from ÔÇÿIdListÔÇÖ to ÔÇÿIdList*ÔÇÖ
  128 |     DeclarationStm(int dcltype, IdList* idl, ExpList* expl);
      |                                 ~~~~~~~~^~~
structs.hpp:123:8: note: candidate: ÔÇÿconstexpr DeclarationStm::DeclarationStm(const DeclarationStm&)ÔÇÖ
  123 | struct DeclarationStm : public Stm_{
      |        ^~~~~~~~~~~~~~
structs.hpp:123:8: note:   candidate expects 1 argument, 3 provided
structs.hpp:123:8: note: candidate: ÔÇÿconstexpr DeclarationStm::DeclarationStm(DeclarationStm&&)ÔÇÖ
structs.hpp:123:8: note:   candidate expects 1 argument, 3 provided
go.ypp:116:103: error: ÔÇÿthesyntreeÔÇÖ was not declared in this scope
  116 | declaration_statement : VAR identifierlist INT SEMICOLON {$$ = new DeclarationStm($3, $2, nullptr); thesyntree = $$;}
      |                                                                                                       ^~~~~~~~~~
go.ypp:117:100: error: no matching function for call to ÔÇÿDeclarationStm::DeclarationStm(int&, IdList&, std::nullptr_t)ÔÇÖ
  117 |                       | VAR identifierlist BOOL SEMICOLON {$$ = new DeclarationStm($3, $2, nullptr); thesyntree = $$;}
      |                                                                                                    ^
In file included from go.ypp:10:
structs.hpp:130:5: note: candidate: ÔÇÿDeclarationStm::DeclarationStm()ÔÇÖ
  130 |     DeclarationStm();
      |     ^~~~~~~~~~~~~~
structs.hpp:130:5: note:   candidate expects 0 arguments, 3 provided
structs.hpp:128:5: note: candidate: ÔÇÿDeclarationStm::DeclarationStm(int, IdList*, ExpList*)ÔÇÖ
  128 |     DeclarationStm(int dcltype, IdList* idl, ExpList* expl);
      |     ^~~~~~~~~~~~~~
structs.hpp:128:41: note:   no known conversion for argument 2 from ÔÇÿIdListÔÇÖ to ÔÇÿIdList*ÔÇÖ
  128 |     DeclarationStm(int dcltype, IdList* idl, ExpList* expl);
      |                                 ~~~~~~~~^~~
structs.hpp:123:8: note: candidate: ÔÇÿconstexpr DeclarationStm::DeclarationStm(const DeclarationStm&)ÔÇÖ
  123 | struct DeclarationStm : public Stm_{
      |        ^~~~~~~~~~~~~~
structs.hpp:123:8: note:   candidate expects 1 argument, 3 provided
structs.hpp:123:8: note: candidate: ÔÇÿconstexpr DeclarationStm::DeclarationStm(DeclarationStm&&)ÔÇÖ
structs.hpp:123:8: note:   candidate expects 1 argument, 3 provided
go.ypp:117:103: error: ÔÇÿthesyntreeÔÇÖ was not declared in this scope
  117 |                       | VAR identifierlist BOOL SEMICOLON {$$ = new DeclarationStm($3, $2, nullptr); thesyntree = $$;}
      |                                                                                                       ^~~~~~~~~~
go.ypp:118:119: error: no matching function for call to ÔÇÿDeclarationStm::DeclarationStm(int&, IdList&, ExpList&)ÔÇÖ
  118 |                       | VAR identifierlist INT EQ expressionlist SEMICOLON {$$ = new DeclarationStm($3, $2, $5); thesyntree = $$;}
      |                                                                                                                       ^
In file included from go.ypp:10:
structs.hpp:130:5: note: candidate: ÔÇÿDeclarationStm::DeclarationStm()ÔÇÖ
  130 |     DeclarationStm();
      |     ^~~~~~~~~~~~~~
structs.hpp:130:5: note:   candidate expects 0 arguments, 3 provided
structs.hpp:128:5: note: candidate: ÔÇÿDeclarationStm::DeclarationStm(int, IdList*, ExpList*)ÔÇÖ
  128 |     DeclarationStm(int dcltype, IdList* idl, ExpList* expl);
      |     ^~~~~~~~~~~~~~
structs.hpp:128:41: note:   no known conversion for argument 2 from ÔÇÿIdListÔÇÖ to ÔÇÿIdList*ÔÇÖ
  128 |     DeclarationStm(int dcltype, IdList* idl, ExpList* expl);
      |                                 ~~~~~~~~^~~
structs.hpp:123:8: note: candidate: ÔÇÿconstexpr DeclarationStm::DeclarationStm(const DeclarationStm&)ÔÇÖ
  123 | struct DeclarationStm : public Stm_{
      |        ^~~~~~~~~~~~~~
structs.hpp:123:8: note:   candidate expects 1 argument, 3 provided
structs.hpp:123:8: note: candidate: ÔÇÿconstexpr DeclarationStm::DeclarationStm(DeclarationStm&&)ÔÇÖ
structs.hpp:123:8: note:   candidate expects 1 argument, 3 provided
go.ypp:118:122: error: ÔÇÿthesyntreeÔÇÖ was not declared in this scope
  118 |                       | VAR identifierlist INT EQ expressionlist SEMICOLON {$$ = new DeclarationStm($3, $2, $5); thesyntree = $$;}
      |                                                                                                                          ^~~~~~~~~ 
go.ypp:119:119: error: no matching function for call to ÔÇÿDeclarationStm::DeclarationStm(int&, IdList&, ExpList&)ÔÇÖ
  119 |                       | VAR identifierlist BOOL EQ expressionlist SEMICOLON {$$ = new DeclarationStm($3, $2, $5); thesyntree = $$;}
      |                                                                                                                       ^
In file included from go.ypp:10:
structs.hpp:130:5: note: candidate: ÔÇÿDeclarationStm::DeclarationStm()ÔÇÖ
  130 |     DeclarationStm();
      |     ^~~~~~~~~~~~~~
structs.hpp:130:5: note:   candidate expects 0 arguments, 3 provided
structs.hpp:128:5: note: candidate: ÔÇÿDeclarationStm::DeclarationStm(int, IdList*, ExpList*)ÔÇÖ
  128 |     DeclarationStm(int dcltype, IdList* idl, ExpList* expl);
      |     ^~~~~~~~~~~~~~
structs.hpp:128:41: note:   no known conversion for argument 2 from ÔÇÿIdListÔÇÖ to ÔÇÿIdList*ÔÇÖ
  128 |     DeclarationStm(int dcltype, IdList* idl, ExpList* expl);
      |                                 ~~~~~~~~^~~
structs.hpp:123:8: note: candidate: ÔÇÿconstexpr DeclarationStm::DeclarationStm(const DeclarationStm&)ÔÇÖ
  123 | struct DeclarationStm : public Stm_{
      |        ^~~~~~~~~~~~~~
structs.hpp:123:8: note:   candidate expects 1 argument, 3 provided
structs.hpp:123:8: note: candidate: ÔÇÿconstexpr DeclarationStm::DeclarationStm(DeclarationStm&&)ÔÇÖ
structs.hpp:123:8: note:   candidate expects 1 argument, 3 provided
go.ypp:119:122: error: ÔÇÿthesyntreeÔÇÖ was not declared in this scope
  119 |                       | VAR identifierlist BOOL EQ expressionlist SEMICOLON {$$ = new DeclarationStm($3, $2, $5); thesyntree = $$;}
      |                                                                                                                          ^~~~~~~~~~
go.ypp:120:95: error: no matching function for call to ÔÇÿDeclarationStm::DeclarationStm(int, IdList&, int&)ÔÇÖ
  120 |                       | VAR identifierlist EQ expressionlist SEMICOLON{$$ = new DeclarationStm(-1, $2, $5); thesyntree = $$;}
      |                                                                                               ^
In file included from go.ypp:10:
structs.hpp:130:5: note: candidate: ÔÇÿDeclarationStm::DeclarationStm()ÔÇÖ
  130 |     DeclarationStm();
      |     ^~~~~~~~~~~~~~
structs.hpp:130:5: note:   candidate expects 0 arguments, 3 provided
structs.hpp:128:5: note: candidate: ÔÇÿDeclarationStm::DeclarationStm(int, IdList*, ExpList*)ÔÇÖ
  128 |     DeclarationStm(int dcltype, IdList* idl, ExpList* expl);
      |     ^~~~~~~~~~~~~~
structs.hpp:128:41: note:   no known conversion for argument 2 from ÔÇÿIdListÔÇÖ to ÔÇÿIdList*ÔÇÖ
  128 |     DeclarationStm(int dcltype, IdList* idl, ExpList* expl);
      |                                 ~~~~~~~~^~~
structs.hpp:123:8: note: candidate: ÔÇÿconstexpr DeclarationStm::DeclarationStm(const DeclarationStm&)ÔÇÖ
  123 | struct DeclarationStm : public Stm_{
      |        ^~~~~~~~~~~~~~
structs.hpp:123:8: note:   candidate expects 1 argument, 3 provided
structs.hpp:123:8: note: candidate: ÔÇÿconstexpr DeclarationStm::DeclarationStm(DeclarationStm&&)ÔÇÖ
structs.hpp:123:8: note:   candidate expects 1 argument, 3 provided
go.ypp:120:98: error: ÔÇÿthesyntreeÔÇÖ was not declared in this scope
  120 |                       | VAR identifierlist EQ expressionlist SEMICOLON{$$ = new DeclarationStm(-1, $2, $5); thesyntree = $$;}
      |                                                                                                  ^~~~~~~~~~
go.ypp:142:77: error: no matching function for call to ÔÇÿIf_stm::If_stm(Exp_*&, Stm_*&)ÔÇÖ
  142 | if_statement : IF LBRACE expression RBRACE block_statement{$$ = new If_stm($3, $5); thesyntree = $$;} //Else not implemented
      |                                                                             ^
In file included from go.ypp:10:
structs.hpp:197:5: note: candidate: ÔÇÿIf_stm::If_stm()ÔÇÖ
  197 |     If_stm();
      |     ^~~~~~
structs.hpp:197:5: note:   candidate expects 0 arguments, 2 provided
structs.hpp:195:5: note: candidate: ÔÇÿIf_stm::If_stm(Exp, BlockStm)ÔÇÖ
  195 |     If_stm(Exp ex, BlockStm bstm);
      |     ^~~~~~
structs.hpp:195:29: note:   no known conversion for argument 2 from ÔÇÿStmÔÇÖ {aka ÔÇÿStm_*ÔÇÖ} to ÔÇÿBlockStmÔÇÖ
  195 |     If_stm(Exp ex, BlockStm bstm);
      |                    ~~~~~~~~~^~~~
structs.hpp:191:8: note: candidate: ÔÇÿconstexpr If_stm::If_stm(const If_stm&)ÔÇÖ
  191 | struct If_stm : public Stm_{
      |        ^~~~~~
structs.hpp:191:8: note:   candidate expects 1 argument, 2 provided
structs.hpp:191:8: note: candidate: ÔÇÿconstexpr If_stm::If_stm(If_stm&&)ÔÇÖ
structs.hpp:191:8: note:   candidate expects 1 argument, 2 provided
go.ypp:142:80: error: ÔÇÿthesyntreeÔÇÖ was not declared in this scope
  142 | if_statement : IF LBRACE expression RBRACE block_statement{$$ = new If_stm($3, $5); thesyntree = $$;} //Else not implemented
      |                                                                                ^~~~~~~~~~
go.ypp:145:78: error: no matching function for call to ÔÇÿFor_stm::For_stm(Exp_*&, Stm_*&)ÔÇÖ
  145 | for_statement : FOR LBRACE expression RBRACE block_statement{$$ = new For_stm($3, $5); thesyntree = $$;}
      |                                                                              ^
In file included from go.ypp:10:
structs.hpp:208:5: note: candidate: ÔÇÿFor_stm::For_stm()ÔÇÖ
  208 |     For_stm();
      |     ^~~~~~~
structs.hpp:208:5: note:   candidate expects 0 arguments, 2 provided
structs.hpp:206:5: note: candidate: ÔÇÿFor_stm::For_stm(Exp, BlockStm)ÔÇÖ
  206 |     For_stm(Exp ex, BlockStm bstm);
      |     ^~~~~~~
structs.hpp:206:30: note:   no known conversion for argument 2 from ÔÇÿStmÔÇÖ {aka ÔÇÿStm_*ÔÇÖ} to ÔÇÿBlockStmÔÇÖ
  206 |     For_stm(Exp ex, BlockStm bstm);
      |                     ~~~~~~~~~^~~~
structs.hpp:202:8: note: candidate: ÔÇÿconstexpr For_stm::For_stm(const For_stm&)ÔÇÖ
  202 | struct For_stm : public Stm_{
      |        ^~~~~~~
structs.hpp:202:8: note:   candidate expects 1 argument, 2 provided
structs.hpp:202:8: note: candidate: ÔÇÿconstexpr For_stm::For_stm(For_stm&&)ÔÇÖ
structs.hpp:202:8: note:   candidate expects 1 argument, 2 provided
go.ypp:145:81: error: ÔÇÿthesyntreeÔÇÖ was not declared in this scope
  145 | for_statement : FOR LBRACE expression RBRACE block_statement{$$ = new For_stm($3, $5); thesyntree = $$;}
      |                                                                                 ^~~~~~~~~~
go.ypp:148:44: error: ÔÇÿthesyntreeÔÇÖ was not declared in this scope
  148 | return_statement : RETURN SEMICOLON {$$ = new ReturnStm(nullptr); thesyntree = $$}
      |                                            ^~~~~~~~~~
go.ypp:149:59: error: ÔÇÿthesyntreeÔÇÖ was not declared in this scope
  149 |                  | RETURN expression SEMICOLON {$$ = new ReturnStm($2); thesyntree = $$;}
      |                                                           ^~~~~~~~~~
go.ypp:153:59: error: no matching function for call to ÔÇÿBlockStm::BlockStm(StmList&)ÔÇÖ
  153 | block_statement : LBRACE statementlist RBRACE{$$ = new BlockStm($2); thesyntree = $$;}
      |                                                           ^
In file included from go.ypp:10:
structs.hpp:161:5: note: candidate: ÔÇÿBlockStm::BlockStm()ÔÇÖ
  161 |     BlockStm();
      |     ^~~~~~~~
structs.hpp:161:5: note:   candidate expects 0 arguments, 1 provided
structs.hpp:157:5: note: candidate: ÔÇÿBlockStm::BlockStm(StmList*)ÔÇÖ
  157 |     BlockStm(StmList *stl){
      |     ^~~~~~~~
structs.hpp:157:23: note:   no known conversion for argument 1 from ÔÇÿStmListÔÇÖ to ÔÇÿStmList*ÔÇÖ
  157 |     BlockStm(StmList *stl){
      |              ~~~~~~~~~^~~
structs.hpp:153:8: note: candidate: ÔÇÿconstexpr BlockStm::BlockStm(const BlockStm&)ÔÇÖ
  153 | struct BlockStm : public Stm_{
      |        ^~~~~~~~
structs.hpp:153:8: note:   no known conversion for argument 1 from ÔÇÿStmListÔÇÖ to ÔÇÿconst BlockStm&ÔÇÖ
structs.hpp:153:8: note: candidate: ÔÇÿconstexpr BlockStm::BlockStm(BlockStm&&)ÔÇÖ
structs.hpp:153:8: note:   no known conversion for argument 1 from ÔÇÿStmListÔÇÖ to ÔÇÿBlockStm&&ÔÇÖ
go.ypp:153:62: error: ÔÇÿthesyntreeÔÇÖ was not declared in this scope
  153 | block_statement : LBRACE statementlist RBRACE{$$ = new BlockStm($2); thesyntree = $$;}
      |                                                              ^~~~~~~~~~
go.ypp:162:87: error: no match for ÔÇÿoperator=ÔÇÖ (operand types are ÔÇÿExpListÔÇÖ and ÔÇÿExpList*ÔÇÖ)
  162 | expressionlist : expressionlist ',' expression {$$ = new ExpList($3, &$1);}
      |                                                                                       ^
In file included from go.ypp:10:
structs.hpp:40:8: note: candidate: ÔÇÿconstexpr ExpList& ExpList::operator=(const ExpList&)ÔÇÖ
   40 | struct ExpList {
      |        ^~~~~~~
structs.hpp:40:8: note:   no known conversion for argument 1 from ÔÇÿExpList*ÔÇÖ to ÔÇÿconst ExpList&ÔÇÖ
structs.hpp:40:8: note: candidate: ÔÇÿconstexpr ExpList& ExpList::operator=(ExpList&&)ÔÇÖ
structs.hpp:40:8: note:   no known conversion for argument 1 from ÔÇÿExpList*ÔÇÖ to ÔÇÿExpList&&ÔÇÖ
go.ypp:163:67: error: no match for ÔÇÿoperator=ÔÇÖ (operand types are ÔÇÿExpListÔÇÖ and ÔÇÿExpList*ÔÇÖ)
  163 |                | expression {$$ = new ExpList($1, nullptr);}
      |                                                                   ^
In file included from go.ypp:10:
structs.hpp:40:8: note: candidate: ÔÇÿconstexpr ExpList& ExpList::operator=(const ExpList&)ÔÇÖ
   40 | struct ExpList {
      |        ^~~~~~~
structs.hpp:40:8: note:   no known conversion for argument 1 from ÔÇÿExpList*ÔÇÖ to ÔÇÿconst ExpList&ÔÇÖ
structs.hpp:40:8: note: candidate: ÔÇÿconstexpr ExpList& ExpList::operator=(ExpList&&)ÔÇÖ
structs.hpp:40:8: note:   no known conversion for argument 1 from ÔÇÿExpList*ÔÇÖ to ÔÇÿExpList&&ÔÇÖ
go.ypp:170:41: error: ÔÇÿlookupSymbolÔÇÖ was not declared in this scope
  170 |               ReturnValue returnValue = lookupSymbol($1);
      |                                         ^~~~~~~~~~~~
go.tab.cpp:1807:14: error: use of deleted function ÔÇÿYYSTYPE& YYSTYPE::operator=(const YYSTYPE&)ÔÇÖ
 1807 |   *++yyvsp = yyval;
      |              ^~~~~
go.tab.cpp:1833:20: warning: ISO C++ forbids converting a string constant to ÔÇÿchar*ÔÇÖ [-Wwrite-strings]
 1833 |       yyerror (YY_("syntax error"));
      |                    ^~~~~~~~~~~~~~
go.tab.cpp:262:22: note: in definition of macro ÔÇÿYY_ÔÇÖ
  262 | #  define YY_(msgid) msgid
      |                      ^~~~~
go.tab.cpp:1947:14: error: use of deleted function ÔÇÿYYSTYPE& YYSTYPE::operator=(const YYSTYPE&)ÔÇÖ
 1947 |   *++yyvsp = yylval;
      |              ^~~~~~
go.tab.cpp:1976:16: warning: ISO C++ forbids converting a string constant to ÔÇÿchar*ÔÇÖ [-Wwrite-strings]
 1976 |   yyerror (YY_("memory exhausted"));
      |                ^~~~~~~~~~~~~~~~~~
go.tab.cpp:262:22: note: in definition of macro ÔÇÿYY_ÔÇÖ
  262 | #  define YY_(msgid) msgid
      |                      ^~~~~
go.ypp: In function ÔÇÿint yylex()ÔÇÖ:
go.ypp:235:1: warning: no return statement in function returning non-void [-Wreturn-type]
  235 | }
      | ^
go.tab.cpp: In function ÔÇÿvoid __static_initialization_and_destruction_0(int, int)ÔÇÖ:
go.tab.cpp:1237:9: error: use of deleted function ÔÇÿYYSTYPE::~YYSTYPE()ÔÇÖ
 1237 | YYSTYPE yylval;
      |         ^~~~~~
